IP (tos 0x0, ttl 8, id 1337, offset 0, flags [none], proto UDP (17), length 29)
    127.0.0.2.9 > 127.0.0.1.6080: [|gue]
IP (tos 0x0, ttl 8, id 1337, offset 0, flags [none], proto UDP (17), length 30)
    127.0.0.2.9 > 127.0.0.1.6080: GUEv0[|gue]
IP (tos 0x0, ttl 8, id 1337, offset 0, flags [none], proto UDP (17), length 32)
    127.0.0.2.9 > 127.0.0.1.6080: GUEv0
	[|gue]
IP (tos 0x0, ttl 8, id 1337, offset 0, flags [none], proto UDP (17), length 36)
    127.0.0.2.9 > 127.0.0.1.6080: GUEv0
	[|gue]
IP (tos 0x0, ttl 8, id 1337, offset 0, flags [none], proto UDP (17), length 44)
    127.0.0.2.9 > 127.0.0.1.6080: GUEv0
	[|gue]
IP (tos 0x0, ttl 8, id 1337, offset 0, flags [none], proto UDP (17), length 60)
    127.0.0.2.9 > 127.0.0.1.6080: GUEv0
	IP truncated-ip - 100 bytes missing! (tos 0x0, ttl 8, id 1337, offset 0, flags [none], proto UDP (17), length 128, bad cksum 944a (->78fd)!)
    10.11.12.13.9 > 14.15.16.17.8000: UDP, length 100
IP (tos 0x0, ttl 8, id 1337, offset 0, flags [none], proto UDP (17), length 92)
    127.0.0.2.9 > 127.0.0.1.6080: GUEv0
	IP truncated-ip - 68 bytes missing! (tos 0x0, ttl 8, id 1337, offset 0, flags [none], proto UDP (17), length 128, bad cksum 944a (->78fd)!)
    10.11.12.13.9 > 14.15.16.17.8000: UDP, length 100
IP (tos 0x0, ttl 8, id 1337, offset 0, flags [none], proto UDP (17), length 156)
    127.0.0.2.9 > 127.0.0.1.6080: GUEv0
	IP truncated-ip - 4 bytes missing! (tos 0x0, ttl 8, id 1337, offset 0, flags [none], proto UDP (17), length 128, bad cksum 944a (->78fd)!)
    10.11.12.13.9 > 14.15.16.17.8000: UDP, length 100
IP (tos 0x0, ttl 8, id 1337, offset 0, flags [none], proto UDP (17), length 160)
    127.0.0.2.9 > 127.0.0.1.6080: GUEv0
	IP (tos 0x0, ttl 8, id 1337, offset 0, flags [none], proto UDP (17), length 128, bad cksum 944a (->78fd)!)
    10.11.12.13.9 > 14.15.16.17.8000: UDP, length 100
IP (tos 0x0, ttl 8, id 1337, offset 0, flags [none], proto UDP (17), length 160)
    127.0.0.2.9 > 127.0.0.1.6080: GUEv0
	IP (tos 0x0, ttl 8, id 1337, offset 0, flags [none], proto UDP (17), length 128, bad cksum 944a (->78fd)!)
    10.11.12.13.9 > 14.15.16.17.8000: UDP, length 100
IP (tos 0x0, ttl 8, id 1337, offset 0, flags [none], proto UDP (17), length 29)
    127.0.0.2.9 > 127.0.0.1.6080: [|gue]
IP (tos 0x0, ttl 8, id 1337, offset 0, flags [none], proto UDP (17), length 30)
    127.0.0.2.9 > 127.0.0.1.6080: GUEv0[|gue]
IP (tos 0x0, ttl 8, id 1337, offset 0, flags [none], proto UDP (17), length 32)
    127.0.0.2.9 > 127.0.0.1.6080: GUEv0
	[|ip6]
IP (tos 0x0, ttl 8, id 1337, offset 0, flags [none], proto UDP (17), length 36)
    127.0.0.2.9 > 127.0.0.1.6080: GUEv0
	[|ip6]
IP (tos 0x0, ttl 8, id 1337, offset 0, flags [none], proto UDP (17), length 44)
    127.0.0.2.9 > 127.0.0.1.6080: GUEv0
	[|ip6]
IP (tos 0x0, ttl 8, id 1337, offset 0, flags [none], proto UDP (17), length 60)
    127.0.0.2.9 > 127.0.0.1.6080: GUEv0
	[|ip6]
IP (tos 0x0, ttl 8, id 1337, offset 0, flags [none], proto UDP (17), length 92)
    127.0.0.2.9 > 127.0.0.1.6080: GUEv0
	IP6 truncated-ip6 - 88 bytes missing!(hlim 8, next-header UDP (17) payload length: 108) 2001:2::a:7c:6e:f3.9 > 2001:2::a:7c:6e:c.8000: UDP, length 100
IP (tos 0x0, ttl 8, id 1337, offset 0, flags [none], proto UDP (17), length 156)
    127.0.0.2.9 > 127.0.0.1.6080: GUEv0
	IP6 truncated-ip6 - 24 bytes missing!(hlim 8, next-header UDP (17) payload length: 108) 2001:2::a:7c:6e:f3.9 > 2001:2::a:7c:6e:c.8000: UDP, length 100
IP (tos 0x0, ttl 8, id 1337, offset 0, flags [none], proto UDP (17), length 180)
    127.0.0.2.9 > 127.0.0.1.6080: GUEv0
	IP6 (hlim 8, next-header UDP (17) payload length: 108) 2001:2::a:7c:6e:f3.9 > 2001:2::a:7c:6e:c.8000: [udp sum ok] UDP, length 100
IP (tos 0x0, ttl 8, id 1337, offset 0, flags [none], proto UDP (17), length 180)
    127.0.0.2.9 > 127.0.0.1.6080: GUEv0
	IP6 (hlim 8, next-header UDP (17) payload length: 108) 2001:2::a:7c:6e:f3.9 > 2001:2::a:7c:6e:c.8000: [udp sum ok] UDP, length 100
