IP 127.0.0.2.9 > 127.0.0.1.6080: [|gue]
IP 127.0.0.2.9 > 127.0.0.1.6080: GUEv0[|gue]
IP 127.0.0.2.9 > 127.0.0.1.6080: GUEv0[|gue]
IP 127.0.0.2.9 > 127.0.0.1.6080: GUEv0[|gue]
IP 127.0.0.2.9 > 127.0.0.1.6080: GUEv0[|gue]
IP 127.0.0.2.9 > 127.0.0.1.6080: GUEv0: IP truncated-ip - 100 bytes missing! 10.11.12.13.9 > 14.15.16.17.8000: UDP, length 100
IP 127.0.0.2.9 > 127.0.0.1.6080: GUEv0: IP truncated-ip - 68 bytes missing! 10.11.12.13.9 > 14.15.16.17.8000: UDP, length 100
IP 127.0.0.2.9 > 127.0.0.1.6080: GUEv0: IP truncated-ip - 4 bytes missing! 10.11.12.13.9 > 14.15.16.17.8000: UDP, length 100
IP 127.0.0.2.9 > 127.0.0.1.6080: GUEv0: IP 10.11.12.13.9 > 14.15.16.17.8000: UDP, length 100
IP 127.0.0.2.9 > 127.0.0.1.6080: GUEv0: IP 10.11.12.13.9 > 14.15.16.17.8000: UDP, length 100
IP 127.0.0.2.9 > 127.0.0.1.6080: [|gue]
IP 127.0.0.2.9 > 127.0.0.1.6080: GUEv0[|gue]
IP 127.0.0.2.9 > 127.0.0.1.6080: GUEv0[|gue]
IP 127.0.0.2.9 > 127.0.0.1.6080: GUEv0[|gue]
IP 127.0.0.2.9 > 127.0.0.1.6080: GUEv0[|gue]
IP 127.0.0.2.9 > 127.0.0.1.6080: GUEv0: [|ip6]
IP 127.0.0.2.9 > 127.0.0.1.6080: GUEv0: IP6 truncated-ip6 - 88 bytes missing!2001:2::a:7c:6e:f3.9 > 2001:2::a:7c:6e:c.8000: UDP, length 100
IP 127.0.0.2.9 > 127.0.0.1.6080: GUEv0: IP6 truncated-ip6 - 24 bytes missing!2001:2::a:7c:6e:f3.9 > 2001:2::a:7c:6e:c.8000: UDP, length 100
IP 127.0.0.2.9 > 127.0.0.1.6080: GUEv0: IP6 2001:2::a:7c:6e:f3.9 > 2001:2::a:7c:6e:c.8000: UDP, length 100
IP 127.0.0.2.9 > 127.0.0.1.6080: GUEv0: IP6 2001:2::a:7c:6e:f3.9 > 2001:2::a:7c:6e:c.8000: UDP, length 100
